// Jest Snapshot v1, https://goo.gl/fbAQLP

exports[`Tests for EntryItem component should render the component correctly 1`] = `
<div class="entry-container mb-3 pointer p-2">
  <div class="entry-title d-flex"><span class="text-success fs-5 fw-bold">6</span><span class="mx-1 fs-5">agosto</span><span class="mx-2 fw-light">2022 s√°bado</span></div>
  <div class="entry-description">
    <p>I'm learning vue again!</p>
  </div>
</div>
`;
