// Jest Snapshot v1, https://goo.gl/fbAQLP

exports[`Tests for the FabButton should render the component correctly 1`] = `<button class="btn btn-primary"><i class="fa fa-2x fa-plus"></i></button>`;
