// Jest Snapshot v1, https://goo.gl/fbAQLP

exports[`HomeView tests should render correctly 1`] = `
<div class="home"><img alt="Vue logo" src=""></div>
<button class="btn btn-primary">Primary</button>
<button class="btn btn-secondary">Secondary</button>
<button class="btn btn-success">Success</button>
`;
